// Jest Snapshot v1, https://goo.gl/fbAQLP

exports[`renders learn react link 1`] = `
<div>
  <nav>
    <div
      class="navbar"
    >
      <h1
        class="navbar__title"
      >
        <a
          href="/"
        >
          Senior Upskilling Scheme
        </a>
      </h1>
      <ul
        class="navbar__menu"
      >
        <li>
          <a
            href="/hardskills"
          >
            Hard Skills
          </a>
        </li>
        <li>
          <a
            href="/softskills"
          >
            Soft Skills
          </a>
        </li>
      </ul>
      <div
        class="navbar__quote"
      >
        <hr />
        <p>
          The greatest contribution of a leader is to make other leaders
        </p>
        <p
          class="navbar__quote-author"
        >
          - Simon Sinek
        </p>
        <hr />
      </div>
    </div>
  </nav>
  <div
    class="journal-section"
  >
    <h2
      class="journal-section__title"
    >
      About us
    </h2>
    <hr />
    <div
      class="about"
    >
      <div
        class="about__content"
      >
        <div
          class="about__member"
        >
          <img
            alt="about-image2"
            src="https://avatars.githubusercontent.com/u/14214966?v=4"
          />
          <h1>
            Suraj Kalsi
          </h1>
          <p
            class="about__description"
          >
            Software Developer 2
          </p>
          <p
            class="about__description"
          >
            Peacock XTV
          </p>
        </div>
        <div
          class="about__member"
        >
          <img
            alt="about-image1"
            src="https://avatars.githubusercontent.com/u/16324893?v=4"
          />
          <h1>
            Maria Diaz
          </h1>
          <p
            class="about__description"
          >
            Software Developer 2
          </p>
          <p
            class="about__description"
          >
            NOW Web
          </p>
        </div>
      </div>
    </div>
  </div>
</div>
`;
